// Jest Snapshot v1, https://goo.gl/fbAQLP

exports[`journal returns correctly 1`] = `ShallowWrapper {}`;
