// Jest Snapshot v1, https://goo.gl/fbAQLP

exports[`Register returns correctly 1`] = `ShallowWrapper {}`;
