// Jest Snapshot v1, https://goo.gl/fbAQLP

exports[`WishList returns correctly 1`] = `ShallowWrapper {}`;
